<?xml version="1.0" encoding="ISO-8859-1" ?>
<link_info>
   <banner>TI ARM Linker Unix v20.2.7.LTS</banner>
   <copyright>Copyright (c) 1996-2018 Texas Instruments Incorporated</copyright>
   <link_time>0x671d164e</link_time>
   <link_errors>0x0</link_errors>
   <output_file>Lab3.out</output_file>
   <entry_point>
      <name>_c_int00_noargs</name>
      <address>0x9b5</address>
   </entry_point>
   <input_file_list>
      <input_file id="fl-1">
         <path>./</path>
         <kind>object</kind>
         <file>PLL.obj</file>
         <name>PLL.obj</name>
      </input_file>
      <input_file id="fl-2">
         <path>./</path>
         <kind>object</kind>
         <file>Timer0A.obj</file>
         <name>Timer0A.obj</name>
      </input_file>
      <input_file id="fl-3">
         <path>./</path>
         <kind>object</kind>
         <file>Timer1A.obj</file>
         <name>Timer1A.obj</name>
      </input_file>
      <input_file id="fl-4">
         <path>./</path>
         <kind>object</kind>
         <file>tm4c123gh6pm_startup_ccs.obj</file>
         <name>tm4c123gh6pm_startup_ccs.obj</name>
      </input_file>
      <input_file id="fl-5">
         <path>./targetConfigs/</path>
         <kind>object</kind>
         <file>main.obj</file>
         <name>main.obj</name>
      </input_file>
      <input_file id="fl-9">
         <kind>object</kind>
         <file>&lt;internal&gt;</file>
         <name>&lt;internal&gt;</name>
      </input_file>
      <input_file id="fl-bf">
         <path>/Applications/ti/ccs1280/ccs/tools/compiler/ti-cgt-arm_20.2.7.LTS/lib/</path>
         <kind>archive</kind>
         <file>rtsv7M4_T_le_v4SPD16_eabi.lib</file>
         <name>copy_zero_init.c.obj</name>
      </input_file>
      <input_file id="fl-c0">
         <path>/Applications/ti/ccs1280/ccs/tools/compiler/ti-cgt-arm_20.2.7.LTS/lib/</path>
         <kind>archive</kind>
         <file>rtsv7M4_T_le_v4SPD16_eabi.lib</file>
         <name>copy_decompress_none.c.obj</name>
      </input_file>
      <input_file id="fl-c1">
         <path>/Applications/ti/ccs1280/ccs/tools/compiler/ti-cgt-arm_20.2.7.LTS/lib/</path>
         <kind>archive</kind>
         <file>rtsv7M4_T_le_v4SPD16_eabi.lib</file>
         <name>copy_decompress_lzss.c.obj</name>
      </input_file>
      <input_file id="fl-c2">
         <path>/Applications/ti/ccs1280/ccs/tools/compiler/ti-cgt-arm_20.2.7.LTS/lib/</path>
         <kind>archive</kind>
         <file>rtsv7M4_T_le_v4SPD16_eabi.lib</file>
         <name>boot_cortex_m.c.obj</name>
      </input_file>
      <input_file id="fl-c3">
         <path>/Applications/ti/ccs1280/ccs/tools/compiler/ti-cgt-arm_20.2.7.LTS/lib/</path>
         <kind>archive</kind>
         <file>rtsv7M4_T_le_v4SPD16_eabi.lib</file>
         <name>memcpy_t2.asm.obj</name>
      </input_file>
      <input_file id="fl-c4">
         <path>/Applications/ti/ccs1280/ccs/tools/compiler/ti-cgt-arm_20.2.7.LTS/lib/</path>
         <kind>archive</kind>
         <file>rtsv7M4_T_le_v4SPD16_eabi.lib</file>
         <name>memset_t2.asm.obj</name>
      </input_file>
      <input_file id="fl-c5">
         <path>/Applications/ti/ccs1280/ccs/tools/compiler/ti-cgt-arm_20.2.7.LTS/lib/</path>
         <kind>archive</kind>
         <file>rtsv7M4_T_le_v4SPD16_eabi.lib</file>
         <name>autoinit.c.obj</name>
      </input_file>
      <input_file id="fl-c6">
         <path>/Applications/ti/ccs1280/ccs/tools/compiler/ti-cgt-arm_20.2.7.LTS/lib/</path>
         <kind>archive</kind>
         <file>rtsv7M4_T_le_v4SPD16_eabi.lib</file>
         <name>pre_init.c.obj</name>
      </input_file>
      <input_file id="fl-c7">
         <path>/Applications/ti/ccs1280/ccs/tools/compiler/ti-cgt-arm_20.2.7.LTS/lib/</path>
         <kind>archive</kind>
         <file>rtsv7M4_T_le_v4SPD16_eabi.lib</file>
         <name>cpy_tbl.c.obj</name>
      </input_file>
      <input_file id="fl-c8">
         <path>/Applications/ti/ccs1280/ccs/tools/compiler/ti-cgt-arm_20.2.7.LTS/lib/</path>
         <kind>archive</kind>
         <file>rtsv7M4_T_le_v4SPD16_eabi.lib</file>
         <name>exit.c.obj</name>
      </input_file>
      <input_file id="fl-c9">
         <path>/Applications/ti/ccs1280/ccs/tools/compiler/ti-cgt-arm_20.2.7.LTS/lib/</path>
         <kind>archive</kind>
         <file>rtsv7M4_T_le_v4SPD16_eabi.lib</file>
         <name>_lock.c.obj</name>
      </input_file>
      <input_file id="fl-ca">
         <path>/Applications/ti/ccs1280/ccs/tools/compiler/ti-cgt-arm_20.2.7.LTS/lib/</path>
         <kind>archive</kind>
         <file>rtsv7M4_T_le_v4SPD16_eabi.lib</file>
         <name>args_main.c.obj</name>
      </input_file>
   </input_file_list>
   <object_component_list>
      <object_component id="oc-12">
         <name>.intvecs</name>
         <load_address>0x0</load_address>
         <run_address>0x0</run_address>
         <size>0x26c</size>
         <input_file_ref idref="fl-4"/>
      </object_component>
      <object_component id="oc-2d">
         <name>.text</name>
         <load_address>0x26c</load_address>
         <run_address>0x26c</run_address>
         <size>0x29c</size>
         <input_file_ref idref="fl-5"/>
      </object_component>
      <object_component id="oc-33">
         <name>.text</name>
         <load_address>0x508</load_address>
         <run_address>0x508</run_address>
         <size>0x120</size>
         <input_file_ref idref="fl-2"/>
      </object_component>
      <object_component id="oc-27">
         <name>.text</name>
         <load_address>0x628</load_address>
         <run_address>0x628</run_address>
         <size>0x112</size>
         <input_file_ref idref="fl-4"/>
      </object_component>
      <object_component id="oc-39">
         <name>.text</name>
         <load_address>0x73c</load_address>
         <run_address>0x73c</run_address>
         <size>0xa8</size>
         <input_file_ref idref="fl-3"/>
      </object_component>
      <object_component id="oc-4d">
         <name>.text</name>
         <load_address>0x7e4</load_address>
         <run_address>0x7e4</run_address>
         <size>0x9c</size>
         <input_file_ref idref="fl-c3"/>
      </object_component>
      <object_component id="oc-80">
         <name>.text</name>
         <load_address>0x880</load_address>
         <run_address>0x880</run_address>
         <size>0x88</size>
         <input_file_ref idref="fl-1"/>
      </object_component>
      <object_component id="oc-15">
         <name>.text:decompress:lzss:__TI_decompress_lzss</name>
         <load_address>0x908</load_address>
         <run_address>0x908</run_address>
         <size>0x68</size>
         <input_file_ref idref="fl-c1"/>
      </object_component>
      <object_component id="oc-f2">
         <name>.text:__TI_auto_init_nobinit_nopinit:__TI_auto_init_nobinit_nopinit</name>
         <load_address>0x970</load_address>
         <run_address>0x970</run_address>
         <size>0x44</size>
         <input_file_ref idref="fl-c5"/>
      </object_component>
      <object_component id="oc-6b">
         <name>.text:_c_int00_noargs:_c_int00_noargs</name>
         <load_address>0x9b4</load_address>
         <run_address>0x9b4</run_address>
         <size>0x34</size>
         <input_file_ref idref="fl-c2"/>
      </object_component>
      <object_component id="oc-1b">
         <name>.text:decompress:none:__TI_decompress_none</name>
         <load_address>0x9e8</load_address>
         <run_address>0x9e8</run_address>
         <size>0xe</size>
         <input_file_ref idref="fl-c0"/>
      </object_component>
      <object_component id="oc-b7">
         <name>.text:_system_pre_init</name>
         <load_address>0x9f6</load_address>
         <run_address>0x9f6</run_address>
         <size>0x4</size>
         <input_file_ref idref="fl-c6"/>
      </object_component>
      <object_component id="oc-e6">
         <name>.text:abort:abort</name>
         <load_address>0x9fa</load_address>
         <run_address>0x9fa</run_address>
         <size>0x4</size>
         <input_file_ref idref="fl-c8"/>
      </object_component>
      <object_component id="oc-89">
         <name>.const:.string:digitPattern$1</name>
         <load_address>0x9fe</load_address>
         <run_address>0x9fe</run_address>
         <size>0xa</size>
         <input_file_ref idref="fl-5"/>
      </object_component>
      <object_component id="oc-8a">
         <name>.const:.string:displayEnable$2</name>
         <load_address>0xa08</load_address>
         <run_address>0xa08</run_address>
         <size>0x4</size>
         <input_file_ref idref="fl-5"/>
      </object_component>
      <object_component id="oc-19f">
         <name>__TI_handler_table</name>
         <load_address>0xa10</load_address>
         <run_address>0xa10</run_address>
         <size>0x8</size>
      </object_component>
      <object_component id="oc-1a1">
         <name>.cinit..data.load</name>
         <load_address>0xa18</load_address>
         <run_address>0xa18</run_address>
         <size>0x7</size>
      </object_component>
      <object_component id="oc-1a0">
         <name>__TI_cinit_table</name>
         <load_address>0xa20</load_address>
         <run_address>0xa20</run_address>
         <size>0x8</size>
      </object_component>
      <object_component id="oc-86">
         <name>.data</name>
         <load_address>0x20000200</load_address>
         <run_address>0x20000200</run_address>
         <size>0x6</size>
         <input_file_ref idref="fl-5"/>
      </object_component>
      <object_component id="oc-24">
         <name>.stack</name>
         <uninitialized>true</uninitialized>
         <run_address>0x20000000</run_address>
         <size>0x4</size>
         <input_file_ref idref="fl-c2"/>
      </object_component>
      <object_component id="oc-1a3">
         <name>.stack</name>
         <uninitialized>true</uninitialized>
         <run_address>0x20000000</run_address>
         <size>0x0</size>
      </object_component>
      <object_component id="oc-d5">
         <name>.debug_info</name>
         <load_address>0x0</load_address>
         <run_address>0x0</run_address>
         <size>0x259</size>
         <input_file_ref idref="fl-1"/>
      </object_component>
      <object_component id="oc-81">
         <name>.debug_info</name>
         <load_address>0x259</load_address>
         <run_address>0x259</run_address>
         <size>0x119</size>
         <input_file_ref idref="fl-1"/>
      </object_component>
      <object_component id="oc-97">
         <name>.debug_info</name>
         <load_address>0x372</load_address>
         <run_address>0x372</run_address>
         <size>0x26b</size>
         <input_file_ref idref="fl-1"/>
      </object_component>
      <object_component id="oc-48">
         <name>.debug_info</name>
         <load_address>0x5dd</load_address>
         <run_address>0x5dd</run_address>
         <size>0x84</size>
         <input_file_ref idref="fl-1"/>
      </object_component>
      <object_component id="oc-cc">
         <name>.debug_info</name>
         <load_address>0x661</load_address>
         <run_address>0x661</run_address>
         <size>0x2a4</size>
         <input_file_ref idref="fl-1"/>
      </object_component>
      <object_component id="oc-8c">
         <name>.debug_info</name>
         <load_address>0x905</load_address>
         <run_address>0x905</run_address>
         <size>0xbb</size>
         <input_file_ref idref="fl-1"/>
      </object_component>
      <object_component id="oc-93">
         <name>.debug_info</name>
         <load_address>0x9c0</load_address>
         <run_address>0x9c0</run_address>
         <size>0x2f4</size>
         <input_file_ref idref="fl-2"/>
      </object_component>
      <object_component id="oc-34">
         <name>.debug_info</name>
         <load_address>0xcb4</load_address>
         <run_address>0xcb4</run_address>
         <size>0x1b5</size>
         <input_file_ref idref="fl-2"/>
      </object_component>
      <object_component id="oc-3a">
         <name>.debug_info</name>
         <load_address>0xe69</load_address>
         <run_address>0xe69</run_address>
         <size>0x18c</size>
         <input_file_ref idref="fl-3"/>
      </object_component>
      <object_component id="oc-41">
         <name>.debug_info</name>
         <load_address>0xff5</load_address>
         <run_address>0xff5</run_address>
         <size>0x2ac</size>
         <input_file_ref idref="fl-4"/>
      </object_component>
      <object_component id="oc-13">
         <name>.debug_info</name>
         <load_address>0x12a1</load_address>
         <run_address>0x12a1</run_address>
         <size>0xeb</size>
         <input_file_ref idref="fl-4"/>
      </object_component>
      <object_component id="oc-28">
         <name>.debug_info</name>
         <load_address>0x138c</load_address>
         <run_address>0x138c</run_address>
         <size>0x39c6</size>
         <input_file_ref idref="fl-4"/>
      </object_component>
      <object_component id="oc-91">
         <name>.debug_info</name>
         <load_address>0x4d52</load_address>
         <run_address>0x4d52</run_address>
         <size>0x309</size>
         <input_file_ref idref="fl-5"/>
      </object_component>
      <object_component id="oc-87">
         <name>.debug_info</name>
         <load_address>0x505b</load_address>
         <run_address>0x505b</run_address>
         <size>0x147</size>
         <input_file_ref idref="fl-5"/>
      </object_component>
      <object_component id="oc-2e">
         <name>.debug_info</name>
         <load_address>0x51a2</load_address>
         <run_address>0x51a2</run_address>
         <size>0x52f</size>
         <input_file_ref idref="fl-5"/>
      </object_component>
      <object_component id="oc-58">
         <name>.debug_info</name>
         <load_address>0x56d1</load_address>
         <run_address>0x56d1</run_address>
         <size>0x2a8</size>
         <input_file_ref idref="fl-c0"/>
      </object_component>
      <object_component id="oc-1c">
         <name>.debug_info</name>
         <load_address>0x5979</load_address>
         <run_address>0x5979</run_address>
         <size>0x1ea</size>
         <input_file_ref idref="fl-c0"/>
      </object_component>
      <object_component id="oc-53">
         <name>.debug_info</name>
         <load_address>0x5b63</load_address>
         <run_address>0x5b63</run_address>
         <size>0x46</size>
         <input_file_ref idref="fl-c0"/>
      </object_component>
      <object_component id="oc-a3">
         <name>.debug_info</name>
         <load_address>0x5ba9</load_address>
         <run_address>0x5ba9</run_address>
         <size>0x2c</size>
         <input_file_ref idref="fl-c0"/>
      </object_component>
      <object_component id="oc-a1">
         <name>.debug_info</name>
         <load_address>0x5bd5</load_address>
         <run_address>0x5bd5</run_address>
         <size>0x29e</size>
         <input_file_ref idref="fl-c1"/>
      </object_component>
      <object_component id="oc-18">
         <name>.debug_info</name>
         <load_address>0x5e73</load_address>
         <run_address>0x5e73</run_address>
         <size>0x250</size>
         <input_file_ref idref="fl-c1"/>
      </object_component>
      <object_component id="oc-43">
         <name>.debug_info</name>
         <load_address>0x60c3</load_address>
         <run_address>0x60c3</run_address>
         <size>0x60</size>
         <input_file_ref idref="fl-c1"/>
      </object_component>
      <object_component id="oc-d6">
         <name>.debug_info</name>
         <load_address>0x6123</load_address>
         <run_address>0x6123</run_address>
         <size>0x46</size>
         <input_file_ref idref="fl-c1"/>
      </object_component>
      <object_component id="oc-9c">
         <name>.debug_info</name>
         <load_address>0x6169</load_address>
         <run_address>0x6169</run_address>
         <size>0x39</size>
         <input_file_ref idref="fl-c1"/>
      </object_component>
      <object_component id="oc-25">
         <name>.debug_info</name>
         <load_address>0x61a2</load_address>
         <run_address>0x61a2</run_address>
         <size>0x10b</size>
         <input_file_ref idref="fl-c2"/>
      </object_component>
      <object_component id="oc-6c">
         <name>.debug_info</name>
         <load_address>0x62ad</load_address>
         <run_address>0x62ad</run_address>
         <size>0x1a9</size>
         <input_file_ref idref="fl-c2"/>
      </object_component>
      <object_component id="oc-4e">
         <name>.debug_info</name>
         <load_address>0x6456</load_address>
         <run_address>0x6456</run_address>
         <size>0x119</size>
         <input_file_ref idref="fl-c3"/>
      </object_component>
      <object_component id="oc-131">
         <name>.debug_info</name>
         <load_address>0x656f</load_address>
         <run_address>0x656f</run_address>
         <size>0x4b3</size>
         <input_file_ref idref="fl-c5"/>
      </object_component>
      <object_component id="oc-f5">
         <name>.debug_info</name>
         <load_address>0x6a22</load_address>
         <run_address>0x6a22</run_address>
         <size>0x1a6</size>
         <input_file_ref idref="fl-c5"/>
      </object_component>
      <object_component id="oc-156">
         <name>.debug_info</name>
         <load_address>0x6bc8</load_address>
         <run_address>0x6bc8</run_address>
         <size>0x39</size>
         <input_file_ref idref="fl-c5"/>
      </object_component>
      <object_component id="oc-16a">
         <name>.debug_info</name>
         <load_address>0x6c01</load_address>
         <run_address>0x6c01</run_address>
         <size>0x39</size>
         <input_file_ref idref="fl-c5"/>
      </object_component>
      <object_component id="oc-15b">
         <name>.debug_info</name>
         <load_address>0x6c3a</load_address>
         <run_address>0x6c3a</run_address>
         <size>0x39</size>
         <input_file_ref idref="fl-c5"/>
      </object_component>
      <object_component id="oc-160">
         <name>.debug_info</name>
         <load_address>0x6c73</load_address>
         <run_address>0x6c73</run_address>
         <size>0xcd</size>
         <input_file_ref idref="fl-c5"/>
      </object_component>
      <object_component id="oc-b8">
         <name>.debug_info</name>
         <load_address>0x6d40</load_address>
         <run_address>0x6d40</run_address>
         <size>0x153</size>
         <input_file_ref idref="fl-c6"/>
      </object_component>
      <object_component id="oc-e9">
         <name>.debug_info</name>
         <load_address>0x6e93</load_address>
         <run_address>0x6e93</run_address>
         <size>0x122</size>
         <input_file_ref idref="fl-c8"/>
      </object_component>
      <object_component id="oc-1a4">
         <name>.debug_info</name>
         <load_address>0x6fb5</load_address>
         <run_address>0x6fb5</run_address>
         <size>0x9e</size>
      </object_component>
      <object_component id="oc-125">
         <name>.debug_line</name>
         <load_address>0x0</load_address>
         <run_address>0x0</run_address>
         <size>0x20</size>
         <input_file_ref idref="fl-1"/>
      </object_component>
      <object_component id="oc-84">
         <name>.debug_line</name>
         <load_address>0x20</load_address>
         <run_address>0x20</run_address>
         <size>0x52</size>
         <input_file_ref idref="fl-1"/>
      </object_component>
      <object_component id="oc-9a">
         <name>.debug_line</name>
         <load_address>0x72</load_address>
         <run_address>0x72</run_address>
         <size>0x7a</size>
         <input_file_ref idref="fl-1"/>
      </object_component>
      <object_component id="oc-4b">
         <name>.debug_line</name>
         <load_address>0xec</load_address>
         <run_address>0xec</run_address>
         <size>0x20</size>
         <input_file_ref idref="fl-1"/>
      </object_component>
      <object_component id="oc-cf">
         <name>.debug_line</name>
         <load_address>0x10c</load_address>
         <run_address>0x10c</run_address>
         <size>0x7e</size>
         <input_file_ref idref="fl-1"/>
      </object_component>
      <object_component id="oc-8f">
         <name>.debug_line</name>
         <load_address>0x18a</load_address>
         <run_address>0x18a</run_address>
         <size>0x7b</size>
         <input_file_ref idref="fl-1"/>
      </object_component>
      <object_component id="oc-d4">
         <name>.debug_line</name>
         <load_address>0x205</load_address>
         <run_address>0x205</run_address>
         <size>0x40</size>
         <input_file_ref idref="fl-2"/>
      </object_component>
      <object_component id="oc-37">
         <name>.debug_line</name>
         <load_address>0x245</load_address>
         <run_address>0x245</run_address>
         <size>0x6e</size>
         <input_file_ref idref="fl-2"/>
      </object_component>
      <object_component id="oc-3d">
         <name>.debug_line</name>
         <load_address>0x2b3</load_address>
         <run_address>0x2b3</run_address>
         <size>0x6a</size>
         <input_file_ref idref="fl-3"/>
      </object_component>
      <object_component id="oc-96">
         <name>.debug_line</name>
         <load_address>0x31d</load_address>
         <run_address>0x31d</run_address>
         <size>0x41</size>
         <input_file_ref idref="fl-4"/>
      </object_component>
      <object_component id="oc-40">
         <name>.debug_line</name>
         <load_address>0x35e</load_address>
         <run_address>0x35e</run_address>
         <size>0x41</size>
         <input_file_ref idref="fl-4"/>
      </object_component>
      <object_component id="oc-2b">
         <name>.debug_line</name>
         <load_address>0x39f</load_address>
         <run_address>0x39f</run_address>
         <size>0xc38</size>
         <input_file_ref idref="fl-4"/>
      </object_component>
      <object_component id="oc-d2">
         <name>.debug_line</name>
         <load_address>0xfd7</load_address>
         <run_address>0xfd7</run_address>
         <size>0xbb</size>
         <input_file_ref idref="fl-5"/>
      </object_component>
      <object_component id="oc-cb">
         <name>.debug_line</name>
         <load_address>0x1092</load_address>
         <run_address>0x1092</run_address>
         <size>0x3b</size>
         <input_file_ref idref="fl-5"/>
      </object_component>
      <object_component id="oc-31">
         <name>.debug_line</name>
         <load_address>0x10cd</load_address>
         <run_address>0x10cd</run_address>
         <size>0x14e</size>
         <input_file_ref idref="fl-5"/>
      </object_component>
      <object_component id="oc-a9">
         <name>.debug_line</name>
         <load_address>0x121b</load_address>
         <run_address>0x121b</run_address>
         <size>0x20</size>
         <input_file_ref idref="fl-c0"/>
      </object_component>
      <object_component id="oc-1f">
         <name>.debug_line</name>
         <load_address>0x123b</load_address>
         <run_address>0x123b</run_address>
         <size>0x55</size>
         <input_file_ref idref="fl-c0"/>
      </object_component>
      <object_component id="oc-56">
         <name>.debug_line</name>
         <load_address>0x1290</load_address>
         <run_address>0x1290</run_address>
         <size>0x3a</size>
         <input_file_ref idref="fl-c0"/>
      </object_component>
      <object_component id="oc-a6">
         <name>.debug_line</name>
         <load_address>0x12ca</load_address>
         <run_address>0x12ca</run_address>
         <size>0x92</size>
         <input_file_ref idref="fl-c0"/>
      </object_component>
      <object_component id="oc-dc">
         <name>.debug_line</name>
         <load_address>0x135c</load_address>
         <run_address>0x135c</run_address>
         <size>0x20</size>
         <input_file_ref idref="fl-c1"/>
      </object_component>
      <object_component id="oc-16">
         <name>.debug_line</name>
         <load_address>0x137c</load_address>
         <run_address>0x137c</run_address>
         <size>0xa9</size>
         <input_file_ref idref="fl-c1"/>
      </object_component>
      <object_component id="oc-46">
         <name>.debug_line</name>
         <load_address>0x1425</load_address>
         <run_address>0x1425</run_address>
         <size>0x3a</size>
         <input_file_ref idref="fl-c1"/>
      </object_component>
      <object_component id="oc-d9">
         <name>.debug_line</name>
         <load_address>0x145f</load_address>
         <run_address>0x145f</run_address>
         <size>0x9a</size>
         <input_file_ref idref="fl-c1"/>
      </object_component>
      <object_component id="oc-9f">
         <name>.debug_line</name>
         <load_address>0x14f9</load_address>
         <run_address>0x14f9</run_address>
         <size>0x96</size>
         <input_file_ref idref="fl-c1"/>
      </object_component>
      <object_component id="oc-7e">
         <name>.debug_line</name>
         <load_address>0x158f</load_address>
         <run_address>0x158f</run_address>
         <size>0x33</size>
         <input_file_ref idref="fl-c2"/>
      </object_component>
      <object_component id="oc-6f">
         <name>.debug_line</name>
         <load_address>0x15c2</load_address>
         <run_address>0x15c2</run_address>
         <size>0x45</size>
         <input_file_ref idref="fl-c2"/>
      </object_component>
      <object_component id="oc-51">
         <name>.debug_line</name>
         <load_address>0x1607</load_address>
         <run_address>0x1607</run_address>
         <size>0x88</size>
         <input_file_ref idref="fl-c3"/>
      </object_component>
      <object_component id="oc-155">
         <name>.debug_line</name>
         <load_address>0x168f</load_address>
         <run_address>0x168f</run_address>
         <size>0xbf</size>
         <input_file_ref idref="fl-c5"/>
      </object_component>
      <object_component id="oc-f7">
         <name>.debug_line</name>
         <load_address>0x174e</load_address>
         <run_address>0x174e</run_address>
         <size>0x6f</size>
         <input_file_ref idref="fl-c5"/>
      </object_component>
      <object_component id="oc-159">
         <name>.debug_line</name>
         <load_address>0x17bd</load_address>
         <run_address>0x17bd</run_address>
         <size>0x2e</size>
         <input_file_ref idref="fl-c5"/>
      </object_component>
      <object_component id="oc-16d">
         <name>.debug_line</name>
         <load_address>0x17eb</load_address>
         <run_address>0x17eb</run_address>
         <size>0x9a</size>
         <input_file_ref idref="fl-c5"/>
      </object_component>
      <object_component id="oc-15e">
         <name>.debug_line</name>
         <load_address>0x1885</load_address>
         <run_address>0x1885</run_address>
         <size>0x97</size>
         <input_file_ref idref="fl-c5"/>
      </object_component>
      <object_component id="oc-163">
         <name>.debug_line</name>
         <load_address>0x191c</load_address>
         <run_address>0x191c</run_address>
         <size>0x93</size>
         <input_file_ref idref="fl-c5"/>
      </object_component>
      <object_component id="oc-bb">
         <name>.debug_line</name>
         <load_address>0x19af</load_address>
         <run_address>0x19af</run_address>
         <size>0x40</size>
         <input_file_ref idref="fl-c6"/>
      </object_component>
      <object_component id="oc-e7">
         <name>.debug_line</name>
         <load_address>0x19ef</load_address>
         <run_address>0x19ef</run_address>
         <size>0x3c</size>
         <input_file_ref idref="fl-c8"/>
      </object_component>
      <object_component id="oc-85">
         <name>.debug_frame</name>
         <load_address>0x0</load_address>
         <run_address>0x0</run_address>
         <size>0x58</size>
         <input_file_ref idref="fl-1"/>
      </object_component>
      <object_component id="oc-38">
         <name>.debug_frame</name>
         <load_address>0x58</load_address>
         <run_address>0x58</run_address>
         <size>0x74</size>
         <input_file_ref idref="fl-2"/>
      </object_component>
      <object_component id="oc-3e">
         <name>.debug_frame</name>
         <load_address>0xcc</load_address>
         <run_address>0xcc</run_address>
         <size>0x6c</size>
         <input_file_ref idref="fl-3"/>
      </object_component>
      <object_component id="oc-2c">
         <name>.debug_frame</name>
         <load_address>0x138</load_address>
         <run_address>0x138</run_address>
         <size>0xa2c</size>
         <input_file_ref idref="fl-4"/>
      </object_component>
      <object_component id="oc-32">
         <name>.debug_frame</name>
         <load_address>0xb64</load_address>
         <run_address>0xb64</run_address>
         <size>0xdc</size>
         <input_file_ref idref="fl-5"/>
      </object_component>
      <object_component id="oc-20">
         <name>.debug_frame</name>
         <load_address>0xc40</load_address>
         <run_address>0xc40</run_address>
         <size>0x54</size>
         <input_file_ref idref="fl-c0"/>
      </object_component>
      <object_component id="oc-17">
         <name>.debug_frame</name>
         <load_address>0xc94</load_address>
         <run_address>0xc94</run_address>
         <size>0x60</size>
         <input_file_ref idref="fl-c1"/>
      </object_component>
      <object_component id="oc-70">
         <name>.debug_frame</name>
         <load_address>0xcf4</load_address>
         <run_address>0xcf4</run_address>
         <size>0x50</size>
         <input_file_ref idref="fl-c2"/>
      </object_component>
      <object_component id="oc-f3">
         <name>.debug_frame</name>
         <load_address>0xd44</load_address>
         <run_address>0xd44</run_address>
         <size>0x5c</size>
         <input_file_ref idref="fl-c5"/>
      </object_component>
      <object_component id="oc-bc">
         <name>.debug_frame</name>
         <load_address>0xda0</load_address>
         <run_address>0xda0</run_address>
         <size>0x54</size>
         <input_file_ref idref="fl-c6"/>
      </object_component>
      <object_component id="oc-e8">
         <name>.debug_frame</name>
         <load_address>0xdf4</load_address>
         <run_address>0xdf4</run_address>
         <size>0x54</size>
         <input_file_ref idref="fl-c8"/>
      </object_component>
      <object_component id="oc-124">
         <name>.debug_abbrev</name>
         <load_address>0x0</load_address>
         <run_address>0x0</run_address>
         <size>0x27</size>
         <input_file_ref idref="fl-1"/>
      </object_component>
      <object_component id="oc-c9">
         <name>.debug_abbrev</name>
         <load_address>0x27</load_address>
         <run_address>0x27</run_address>
         <size>0x6c</size>
         <input_file_ref idref="fl-1"/>
      </object_component>
      <object_component id="oc-99">
         <name>.debug_abbrev</name>
         <load_address>0x93</load_address>
         <run_address>0x93</run_address>
         <size>0x69</size>
         <input_file_ref idref="fl-1"/>
      </object_component>
      <object_component id="oc-4a">
         <name>.debug_abbrev</name>
         <load_address>0xfc</load_address>
         <run_address>0xfc</run_address>
         <size>0x1f</size>
         <input_file_ref idref="fl-1"/>
      </object_component>
      <object_component id="oc-ce">
         <name>.debug_abbrev</name>
         <load_address>0x11b</load_address>
         <run_address>0x11b</run_address>
         <size>0x5c</size>
         <input_file_ref idref="fl-1"/>
      </object_component>
      <object_component id="oc-8e">
         <name>.debug_abbrev</name>
         <load_address>0x177</load_address>
         <run_address>0x177</run_address>
         <size>0x24</size>
         <input_file_ref idref="fl-1"/>
      </object_component>
      <object_component id="oc-d3">
         <name>.debug_abbrev</name>
         <load_address>0x19b</load_address>
         <run_address>0x19b</run_address>
         <size>0x75</size>
         <input_file_ref idref="fl-2"/>
      </object_component>
      <object_component id="oc-92">
         <name>.debug_abbrev</name>
         <load_address>0x210</load_address>
         <run_address>0x210</run_address>
         <size>0x7a</size>
         <input_file_ref idref="fl-2"/>
      </object_component>
      <object_component id="oc-94">
         <name>.debug_abbrev</name>
         <load_address>0x28a</load_address>
         <run_address>0x28a</run_address>
         <size>0x6c</size>
         <input_file_ref idref="fl-3"/>
      </object_component>
      <object_component id="oc-95">
         <name>.debug_abbrev</name>
         <load_address>0x2f6</load_address>
         <run_address>0x2f6</run_address>
         <size>0x68</size>
         <input_file_ref idref="fl-4"/>
      </object_component>
      <object_component id="oc-3f">
         <name>.debug_abbrev</name>
         <load_address>0x35e</load_address>
         <run_address>0x35e</run_address>
         <size>0x29</size>
         <input_file_ref idref="fl-4"/>
      </object_component>
      <object_component id="oc-7f">
         <name>.debug_abbrev</name>
         <load_address>0x387</load_address>
         <run_address>0x387</run_address>
         <size>0xa4</size>
         <input_file_ref idref="fl-4"/>
      </object_component>
      <object_component id="oc-d1">
         <name>.debug_abbrev</name>
         <load_address>0x42b</load_address>
         <run_address>0x42b</run_address>
         <size>0x66</size>
         <input_file_ref idref="fl-5"/>
      </object_component>
      <object_component id="oc-ca">
         <name>.debug_abbrev</name>
         <load_address>0x491</load_address>
         <run_address>0x491</run_address>
         <size>0x29</size>
         <input_file_ref idref="fl-5"/>
      </object_component>
      <object_component id="oc-8b">
         <name>.debug_abbrev</name>
         <load_address>0x4ba</load_address>
         <run_address>0x4ba</run_address>
         <size>0xa9</size>
         <input_file_ref idref="fl-5"/>
      </object_component>
      <object_component id="oc-a8">
         <name>.debug_abbrev</name>
         <load_address>0x563</load_address>
         <run_address>0x563</run_address>
         <size>0x37</size>
         <input_file_ref idref="fl-c0"/>
      </object_component>
      <object_component id="oc-52">
         <name>.debug_abbrev</name>
         <load_address>0x59a</load_address>
         <run_address>0x59a</run_address>
         <size>0x74</size>
         <input_file_ref idref="fl-c0"/>
      </object_component>
      <object_component id="oc-55">
         <name>.debug_abbrev</name>
         <load_address>0x60e</load_address>
         <run_address>0x60e</run_address>
         <size>0x24</size>
         <input_file_ref idref="fl-c0"/>
      </object_component>
      <object_component id="oc-a5">
         <name>.debug_abbrev</name>
         <load_address>0x632</load_address>
         <run_address>0x632</run_address>
         <size>0x24</size>
         <input_file_ref idref="fl-c0"/>
      </object_component>
      <object_component id="oc-db">
         <name>.debug_abbrev</name>
         <load_address>0x656</load_address>
         <run_address>0x656</run_address>
         <size>0x37</size>
         <input_file_ref idref="fl-c1"/>
      </object_component>
      <object_component id="oc-42">
         <name>.debug_abbrev</name>
         <load_address>0x68d</load_address>
         <run_address>0x68d</run_address>
         <size>0x6f</size>
         <input_file_ref idref="fl-c1"/>
      </object_component>
      <object_component id="oc-45">
         <name>.debug_abbrev</name>
         <load_address>0x6fc</load_address>
         <run_address>0x6fc</run_address>
         <size>0x24</size>
         <input_file_ref idref="fl-c1"/>
      </object_component>
      <object_component id="oc-d8">
         <name>.debug_abbrev</name>
         <load_address>0x720</load_address>
         <run_address>0x720</run_address>
         <size>0x35</size>
         <input_file_ref idref="fl-c1"/>
      </object_component>
      <object_component id="oc-9e">
         <name>.debug_abbrev</name>
         <load_address>0x755</load_address>
         <run_address>0x755</run_address>
         <size>0x24</size>
         <input_file_ref idref="fl-c1"/>
      </object_component>
      <object_component id="oc-7d">
         <name>.debug_abbrev</name>
         <load_address>0x779</load_address>
         <run_address>0x779</run_address>
         <size>0x29</size>
         <input_file_ref idref="fl-c2"/>
      </object_component>
      <object_component id="oc-c0">
         <name>.debug_abbrev</name>
         <load_address>0x7a2</load_address>
         <run_address>0x7a2</run_address>
         <size>0x55</size>
         <input_file_ref idref="fl-c2"/>
      </object_component>
      <object_component id="oc-a2">
         <name>.debug_abbrev</name>
         <load_address>0x7f7</load_address>
         <run_address>0x7f7</run_address>
         <size>0x3e</size>
         <input_file_ref idref="fl-c3"/>
      </object_component>
      <object_component id="oc-154">
         <name>.debug_abbrev</name>
         <load_address>0x835</load_address>
         <run_address>0x835</run_address>
         <size>0xc0</size>
         <input_file_ref idref="fl-c5"/>
      </object_component>
      <object_component id="oc-130">
         <name>.debug_abbrev</name>
         <load_address>0x8f5</load_address>
         <run_address>0x8f5</run_address>
         <size>0x7e</size>
         <input_file_ref idref="fl-c5"/>
      </object_component>
      <object_component id="oc-158">
         <name>.debug_abbrev</name>
         <load_address>0x973</load_address>
         <run_address>0x973</run_address>
         <size>0x24</size>
         <input_file_ref idref="fl-c5"/>
      </object_component>
      <object_component id="oc-16c">
         <name>.debug_abbrev</name>
         <load_address>0x997</load_address>
         <run_address>0x997</run_address>
         <size>0x24</size>
         <input_file_ref idref="fl-c5"/>
      </object_component>
      <object_component id="oc-15d">
         <name>.debug_abbrev</name>
         <load_address>0x9bb</load_address>
         <run_address>0x9bb</run_address>
         <size>0x24</size>
         <input_file_ref idref="fl-c5"/>
      </object_component>
      <object_component id="oc-162">
         <name>.debug_abbrev</name>
         <load_address>0x9df</load_address>
         <run_address>0x9df</run_address>
         <size>0x4b</size>
         <input_file_ref idref="fl-c5"/>
      </object_component>
      <object_component id="oc-e5">
         <name>.debug_abbrev</name>
         <load_address>0xa2a</load_address>
         <run_address>0xa2a</run_address>
         <size>0x55</size>
         <input_file_ref idref="fl-c6"/>
      </object_component>
      <object_component id="oc-126">
         <name>.debug_abbrev</name>
         <load_address>0xa7f</load_address>
         <run_address>0xa7f</run_address>
         <size>0x45</size>
         <input_file_ref idref="fl-c8"/>
      </object_component>
      <object_component id="oc-1a5">
         <name>.debug_abbrev</name>
         <load_address>0xac4</load_address>
         <run_address>0xac4</run_address>
         <size>0xf</size>
      </object_component>
      <object_component id="oc-9b">
         <name>.debug_str</name>
         <load_address>0x0</load_address>
         <run_address>0x0</run_address>
         <size>0x2ba</size>
         <input_file_ref idref="fl-1"/>
      </object_component>
      <object_component id="oc-4c">
         <name>.debug_str</name>
         <load_address>0x2ba</load_address>
         <run_address>0x2ba</run_address>
         <size>0xff</size>
         <input_file_ref idref="fl-1"/>
      </object_component>
      <object_component id="oc-d0">
         <name>.debug_str</name>
         <load_address>0x3b9</load_address>
         <run_address>0x3b9</run_address>
         <size>0x350</size>
         <input_file_ref idref="fl-1"/>
      </object_component>
      <object_component id="oc-90">
         <name>.debug_str</name>
         <load_address>0x709</load_address>
         <run_address>0x709</run_address>
         <size>0x152</size>
         <input_file_ref idref="fl-1"/>
      </object_component>
      <object_component id="oc-57">
         <name>.debug_str</name>
         <load_address>0x85b</load_address>
         <run_address>0x85b</run_address>
         <size>0x10b</size>
         <input_file_ref idref="fl-c0"/>
      </object_component>
      <object_component id="oc-a7">
         <name>.debug_str</name>
         <load_address>0x966</load_address>
         <run_address>0x966</run_address>
         <size>0x140</size>
         <input_file_ref idref="fl-c0"/>
      </object_component>
      <object_component id="oc-47">
         <name>.debug_str</name>
         <load_address>0xaa6</load_address>
         <run_address>0xaa6</run_address>
         <size>0x118</size>
         <input_file_ref idref="fl-c1"/>
      </object_component>
      <object_component id="oc-da">
         <name>.debug_str</name>
         <load_address>0xbbe</load_address>
         <run_address>0xbbe</run_address>
         <size>0x16b</size>
         <input_file_ref idref="fl-c1"/>
      </object_component>
      <object_component id="oc-a0">
         <name>.debug_str</name>
         <load_address>0xd29</load_address>
         <run_address>0xd29</run_address>
         <size>0x158</size>
         <input_file_ref idref="fl-c1"/>
      </object_component>
      <object_component id="oc-15a">
         <name>.debug_str</name>
         <load_address>0xe81</load_address>
         <run_address>0xe81</run_address>
         <size>0xed</size>
         <input_file_ref idref="fl-c5"/>
      </object_component>
      <object_component id="oc-16e">
         <name>.debug_str</name>
         <load_address>0xf6e</load_address>
         <run_address>0xf6e</run_address>
         <size>0x157</size>
         <input_file_ref idref="fl-c5"/>
      </object_component>
      <object_component id="oc-15f">
         <name>.debug_str</name>
         <load_address>0x10c5</load_address>
         <run_address>0x10c5</run_address>
         <size>0x150</size>
         <input_file_ref idref="fl-c5"/>
      </object_component>
      <object_component id="oc-164">
         <name>.debug_str</name>
         <load_address>0x1215</load_address>
         <run_address>0x1215</run_address>
         <size>0x197</size>
         <input_file_ref idref="fl-c5"/>
      </object_component>
      <object_component id="oc-82">
         <name>.debug_aranges</name>
         <load_address>0x0</load_address>
         <run_address>0x0</run_address>
         <size>0x20</size>
         <input_file_ref idref="fl-1"/>
      </object_component>
      <object_component id="oc-35">
         <name>.debug_aranges</name>
         <load_address>0x20</load_address>
         <run_address>0x20</run_address>
         <size>0x28</size>
         <input_file_ref idref="fl-2"/>
      </object_component>
      <object_component id="oc-3b">
         <name>.debug_aranges</name>
         <load_address>0x48</load_address>
         <run_address>0x48</run_address>
         <size>0x28</size>
         <input_file_ref idref="fl-3"/>
      </object_component>
      <object_component id="oc-29">
         <name>.debug_aranges</name>
         <load_address>0x70</load_address>
         <run_address>0x70</run_address>
         <size>0x410</size>
         <input_file_ref idref="fl-4"/>
      </object_component>
      <object_component id="oc-2f">
         <name>.debug_aranges</name>
         <load_address>0x480</load_address>
         <run_address>0x480</run_address>
         <size>0x50</size>
         <input_file_ref idref="fl-5"/>
      </object_component>
      <object_component id="oc-1d">
         <name>.debug_aranges</name>
         <load_address>0x4d0</load_address>
         <run_address>0x4d0</run_address>
         <size>0x20</size>
         <input_file_ref idref="fl-c0"/>
      </object_component>
      <object_component id="oc-19">
         <name>.debug_aranges</name>
         <load_address>0x4f0</load_address>
         <run_address>0x4f0</run_address>
         <size>0x20</size>
         <input_file_ref idref="fl-c1"/>
      </object_component>
      <object_component id="oc-6d">
         <name>.debug_aranges</name>
         <load_address>0x510</load_address>
         <run_address>0x510</run_address>
         <size>0x20</size>
         <input_file_ref idref="fl-c2"/>
      </object_component>
      <object_component id="oc-4f">
         <name>.debug_aranges</name>
         <load_address>0x530</load_address>
         <run_address>0x530</run_address>
         <size>0x20</size>
         <input_file_ref idref="fl-c3"/>
      </object_component>
      <object_component id="oc-f4">
         <name>.debug_aranges</name>
         <load_address>0x550</load_address>
         <run_address>0x550</run_address>
         <size>0x20</size>
         <input_file_ref idref="fl-c5"/>
      </object_component>
      <object_component id="oc-b9">
         <name>.debug_aranges</name>
         <load_address>0x570</load_address>
         <run_address>0x570</run_address>
         <size>0x20</size>
         <input_file_ref idref="fl-c6"/>
      </object_component>
      <object_component id="oc-ea">
         <name>.debug_aranges</name>
         <load_address>0x590</load_address>
         <run_address>0x590</run_address>
         <size>0x20</size>
         <input_file_ref idref="fl-c8"/>
      </object_component>
      <object_component id="oc-83">
         <name>.debug_pubnames</name>
         <load_address>0x0</load_address>
         <run_address>0x0</run_address>
         <size>0x1f</size>
         <input_file_ref idref="fl-1"/>
      </object_component>
      <object_component id="oc-36">
         <name>.debug_pubnames</name>
         <load_address>0x1f</load_address>
         <run_address>0x1f</run_address>
         <size>0x37</size>
         <input_file_ref idref="fl-2"/>
      </object_component>
      <object_component id="oc-3c">
         <name>.debug_pubnames</name>
         <load_address>0x56</load_address>
         <run_address>0x56</run_address>
         <size>0x37</size>
         <input_file_ref idref="fl-3"/>
      </object_component>
      <object_component id="oc-14">
         <name>.debug_pubnames</name>
         <load_address>0x8d</load_address>
         <run_address>0x8d</run_address>
         <size>0x23</size>
         <input_file_ref idref="fl-4"/>
      </object_component>
      <object_component id="oc-2a">
         <name>.debug_pubnames</name>
         <load_address>0xb0</load_address>
         <run_address>0xb0</run_address>
         <size>0xa55</size>
         <input_file_ref idref="fl-4"/>
      </object_component>
      <object_component id="oc-88">
         <name>.debug_pubnames</name>
         <load_address>0xb05</load_address>
         <run_address>0xb05</run_address>
         <size>0x4d</size>
         <input_file_ref idref="fl-5"/>
      </object_component>
      <object_component id="oc-30">
         <name>.debug_pubnames</name>
         <load_address>0xb52</load_address>
         <run_address>0xb52</run_address>
         <size>0x80</size>
         <input_file_ref idref="fl-5"/>
      </object_component>
      <object_component id="oc-1e">
         <name>.debug_pubnames</name>
         <load_address>0xbd2</load_address>
         <run_address>0xbd2</run_address>
         <size>0x2b</size>
         <input_file_ref idref="fl-c0"/>
      </object_component>
      <object_component id="oc-1a">
         <name>.debug_pubnames</name>
         <load_address>0xbfd</load_address>
         <run_address>0xbfd</run_address>
         <size>0x2b</size>
         <input_file_ref idref="fl-c1"/>
      </object_component>
      <object_component id="oc-26">
         <name>.debug_pubnames</name>
         <load_address>0xc28</load_address>
         <run_address>0xc28</run_address>
         <size>0x1e</size>
         <input_file_ref idref="fl-c2"/>
      </object_component>
      <object_component id="oc-6e">
         <name>.debug_pubnames</name>
         <load_address>0xc46</load_address>
         <run_address>0xc46</run_address>
         <size>0x26</size>
         <input_file_ref idref="fl-c2"/>
      </object_component>
      <object_component id="oc-50">
         <name>.debug_pubnames</name>
         <load_address>0xc6c</load_address>
         <run_address>0xc6c</run_address>
         <size>0x1d</size>
         <input_file_ref idref="fl-c3"/>
      </object_component>
      <object_component id="oc-f6">
         <name>.debug_pubnames</name>
         <load_address>0xc89</load_address>
         <run_address>0xc89</run_address>
         <size>0x35</size>
         <input_file_ref idref="fl-c5"/>
      </object_component>
      <object_component id="oc-ba">
         <name>.debug_pubnames</name>
         <load_address>0xcbe</load_address>
         <run_address>0xcbe</run_address>
         <size>0x27</size>
         <input_file_ref idref="fl-c6"/>
      </object_component>
      <object_component id="oc-eb">
         <name>.debug_pubnames</name>
         <load_address>0xce5</load_address>
         <run_address>0xce5</run_address>
         <size>0x1c</size>
         <input_file_ref idref="fl-c8"/>
      </object_component>
      <object_component id="oc-98">
         <name>.debug_pubtypes</name>
         <load_address>0x0</load_address>
         <run_address>0x0</run_address>
         <size>0x25c</size>
         <input_file_ref idref="fl-1"/>
      </object_component>
      <object_component id="oc-49">
         <name>.debug_pubtypes</name>
         <load_address>0x25c</load_address>
         <run_address>0x25c</run_address>
         <size>0xed</size>
         <input_file_ref idref="fl-1"/>
      </object_component>
      <object_component id="oc-cd">
         <name>.debug_pubtypes</name>
         <load_address>0x349</load_address>
         <run_address>0x349</run_address>
         <size>0x330</size>
         <input_file_ref idref="fl-1"/>
      </object_component>
      <object_component id="oc-8d">
         <name>.debug_pubtypes</name>
         <load_address>0x679</load_address>
         <run_address>0x679</run_address>
         <size>0xaa</size>
         <input_file_ref idref="fl-1"/>
      </object_component>
      <object_component id="oc-54">
         <name>.debug_pubtypes</name>
         <load_address>0x723</load_address>
         <run_address>0x723</run_address>
         <size>0x48</size>
         <input_file_ref idref="fl-c0"/>
      </object_component>
      <object_component id="oc-a4">
         <name>.debug_pubtypes</name>
         <load_address>0x76b</load_address>
         <run_address>0x76b</run_address>
         <size>0x1d</size>
         <input_file_ref idref="fl-c0"/>
      </object_component>
      <object_component id="oc-44">
         <name>.debug_pubtypes</name>
         <load_address>0x788</load_address>
         <run_address>0x788</run_address>
         <size>0x5d</size>
         <input_file_ref idref="fl-c1"/>
      </object_component>
      <object_component id="oc-d7">
         <name>.debug_pubtypes</name>
         <load_address>0x7e5</load_address>
         <run_address>0x7e5</run_address>
         <size>0x48</size>
         <input_file_ref idref="fl-c1"/>
      </object_component>
      <object_component id="oc-9d">
         <name>.debug_pubtypes</name>
         <load_address>0x82d</load_address>
         <run_address>0x82d</run_address>
         <size>0x35</size>
         <input_file_ref idref="fl-c1"/>
      </object_component>
      <object_component id="oc-157">
         <name>.debug_pubtypes</name>
         <load_address>0x862</load_address>
         <run_address>0x862</run_address>
         <size>0x32</size>
         <input_file_ref idref="fl-c5"/>
      </object_component>
      <object_component id="oc-16b">
         <name>.debug_pubtypes</name>
         <load_address>0x894</load_address>
         <run_address>0x894</run_address>
         <size>0x30</size>
         <input_file_ref idref="fl-c5"/>
      </object_component>
      <object_component id="oc-15c">
         <name>.debug_pubtypes</name>
         <load_address>0x8c4</load_address>
         <run_address>0x8c4</run_address>
         <size>0x2c</size>
         <input_file_ref idref="fl-c5"/>
      </object_component>
      <object_component id="oc-161">
         <name>.debug_pubtypes</name>
         <load_address>0x8f0</load_address>
         <run_address>0x8f0</run_address>
         <size>0x50</size>
         <input_file_ref idref="fl-c5"/>
      </object_component>
   </object_component_list>
   <logical_group_list>
      <logical_group id="lg-3" display="no" color="cyan">
         <name>.intvecs</name>
         <load_address>0x0</load_address>
         <run_address>0x0</run_address>
         <size>0x26c</size>
         <contents>
            <object_component_ref idref="oc-12"/>
         </contents>
      </logical_group>
      <logical_group id="lg-4" display="no" color="cyan">
         <name>.text</name>
         <load_address>0x26c</load_address>
         <run_address>0x26c</run_address>
         <size>0x792</size>
         <contents>
            <object_component_ref idref="oc-2d"/>
            <object_component_ref idref="oc-33"/>
            <object_component_ref idref="oc-27"/>
            <object_component_ref idref="oc-39"/>
            <object_component_ref idref="oc-4d"/>
            <object_component_ref idref="oc-80"/>
            <object_component_ref idref="oc-15"/>
            <object_component_ref idref="oc-f2"/>
            <object_component_ref idref="oc-6b"/>
            <object_component_ref idref="oc-1b"/>
            <object_component_ref idref="oc-b7"/>
            <object_component_ref idref="oc-e6"/>
         </contents>
      </logical_group>
      <logical_group id="lg-5" display="no" color="cyan">
         <name>.const</name>
         <load_address>0x9fe</load_address>
         <run_address>0x9fe</run_address>
         <size>0xe</size>
         <contents>
            <object_component_ref idref="oc-89"/>
            <object_component_ref idref="oc-8a"/>
         </contents>
      </logical_group>
      <logical_group id="lg-6" display="no" color="cyan">
         <name>.cinit</name>
         <load_address>0xa10</load_address>
         <run_address>0xa10</run_address>
         <size>0x18</size>
         <contents>
            <object_component_ref idref="oc-19f"/>
            <object_component_ref idref="oc-1a1"/>
            <object_component_ref idref="oc-1a0"/>
         </contents>
      </logical_group>
      <logical_group id="lg-7" display="no" color="cyan">
         <name>.pinit</name>
         <run_address>0x0</run_address>
         <size>0x0</size>
         <contents>
         </contents>
      </logical_group>
      <logical_group id="lg-8" display="no" color="cyan">
         <name>.init_array</name>
         <run_address>0x0</run_address>
         <size>0x0</size>
         <contents>
         </contents>
      </logical_group>
      <logical_group id="lg-9" display="no" color="cyan">
         <name>.vtable</name>
         <run_address>0x0</run_address>
         <size>0x0</size>
         <contents>
         </contents>
      </logical_group>
      <logical_group id="lg-a" display="no" color="cyan">
         <name>.data</name>
         <run_address>0x20000200</run_address>
         <size>0x6</size>
         <contents>
            <object_component_ref idref="oc-86"/>
         </contents>
      </logical_group>
      <logical_group id="lg-b" display="no" color="cyan">
         <name>.bss</name>
         <run_address>0x0</run_address>
         <size>0x0</size>
         <contents>
         </contents>
      </logical_group>
      <logical_group id="lg-c" display="no" color="cyan">
         <name>.sysmem</name>
         <run_address>0x0</run_address>
         <size>0x0</size>
         <contents>
         </contents>
      </logical_group>
      <logical_group id="lg-d" display="no" color="cyan">
         <name>.stack</name>
         <run_address>0x20000000</run_address>
         <size>0x200</size>
         <contents>
            <object_component_ref idref="oc-24"/>
            <object_component_ref idref="oc-1a3"/>
         </contents>
      </logical_group>
      <logical_group id="lg-176" display="no" color="cyan">
         <name>.TI.noinit</name>
         <run_address>0x0</run_address>
         <size>0x0</size>
         <contents>
         </contents>
      </logical_group>
      <logical_group id="lg-177" display="no" color="cyan">
         <name>.TI.persistent</name>
         <run_address>0x0</run_address>
         <size>0x0</size>
         <contents>
         </contents>
      </logical_group>
      <logical_group id="lg-178" display="no" color="cyan">
         <name>__llvm_prf_cnts</name>
         <run_address>0x20000000</run_address>
         <size>0x0</size>
         <contents>
         </contents>
      </logical_group>
      <logical_group id="lg-187" display="never" color="cyan">
         <name>.debug_info</name>
         <load_address>0x0</load_address>
         <run_address>0x0</run_address>
         <size>0x7053</size>
         <contents>
            <object_component_ref idref="oc-d5"/>
            <object_component_ref idref="oc-81"/>
            <object_component_ref idref="oc-97"/>
            <object_component_ref idref="oc-48"/>
            <object_component_ref idref="oc-cc"/>
            <object_component_ref idref="oc-8c"/>
            <object_component_ref idref="oc-93"/>
            <object_component_ref idref="oc-34"/>
            <object_component_ref idref="oc-3a"/>
            <object_component_ref idref="oc-41"/>
            <object_component_ref idref="oc-13"/>
            <object_component_ref idref="oc-28"/>
            <object_component_ref idref="oc-91"/>
            <object_component_ref idref="oc-87"/>
            <object_component_ref idref="oc-2e"/>
            <object_component_ref idref="oc-58"/>
            <object_component_ref idref="oc-1c"/>
            <object_component_ref idref="oc-53"/>
            <object_component_ref idref="oc-a3"/>
            <object_component_ref idref="oc-a1"/>
            <object_component_ref idref="oc-18"/>
            <object_component_ref idref="oc-43"/>
            <object_component_ref idref="oc-d6"/>
            <object_component_ref idref="oc-9c"/>
            <object_component_ref idref="oc-25"/>
            <object_component_ref idref="oc-6c"/>
            <object_component_ref idref="oc-4e"/>
            <object_component_ref idref="oc-131"/>
            <object_component_ref idref="oc-f5"/>
            <object_component_ref idref="oc-156"/>
            <object_component_ref idref="oc-16a"/>
            <object_component_ref idref="oc-15b"/>
            <object_component_ref idref="oc-160"/>
            <object_component_ref idref="oc-b8"/>
            <object_component_ref idref="oc-e9"/>
            <object_component_ref idref="oc-1a4"/>
         </contents>
      </logical_group>
      <logical_group id="lg-189" display="never" color="cyan">
         <name>.debug_line</name>
         <load_address>0x0</load_address>
         <run_address>0x0</run_address>
         <size>0x1a2b</size>
         <contents>
            <object_component_ref idref="oc-125"/>
            <object_component_ref idref="oc-84"/>
            <object_component_ref idref="oc-9a"/>
            <object_component_ref idref="oc-4b"/>
            <object_component_ref idref="oc-cf"/>
            <object_component_ref idref="oc-8f"/>
            <object_component_ref idref="oc-d4"/>
            <object_component_ref idref="oc-37"/>
            <object_component_ref idref="oc-3d"/>
            <object_component_ref idref="oc-96"/>
            <object_component_ref idref="oc-40"/>
            <object_component_ref idref="oc-2b"/>
            <object_component_ref idref="oc-d2"/>
            <object_component_ref idref="oc-cb"/>
            <object_component_ref idref="oc-31"/>
            <object_component_ref idref="oc-a9"/>
            <object_component_ref idref="oc-1f"/>
            <object_component_ref idref="oc-56"/>
            <object_component_ref idref="oc-a6"/>
            <object_component_ref idref="oc-dc"/>
            <object_component_ref idref="oc-16"/>
            <object_component_ref idref="oc-46"/>
            <object_component_ref idref="oc-d9"/>
            <object_component_ref idref="oc-9f"/>
            <object_component_ref idref="oc-7e"/>
            <object_component_ref idref="oc-6f"/>
            <object_component_ref idref="oc-51"/>
            <object_component_ref idref="oc-155"/>
            <object_component_ref idref="oc-f7"/>
            <object_component_ref idref="oc-159"/>
            <object_component_ref idref="oc-16d"/>
            <object_component_ref idref="oc-15e"/>
            <object_component_ref idref="oc-163"/>
            <object_component_ref idref="oc-bb"/>
            <object_component_ref idref="oc-e7"/>
         </contents>
      </logical_group>
      <logical_group id="lg-18b" display="never" color="cyan">
         <name>.debug_frame</name>
         <load_address>0x0</load_address>
         <run_address>0x0</run_address>
         <size>0xe48</size>
         <contents>
            <object_component_ref idref="oc-85"/>
            <object_component_ref idref="oc-38"/>
            <object_component_ref idref="oc-3e"/>
            <object_component_ref idref="oc-2c"/>
            <object_component_ref idref="oc-32"/>
            <object_component_ref idref="oc-20"/>
            <object_component_ref idref="oc-17"/>
            <object_component_ref idref="oc-70"/>
            <object_component_ref idref="oc-f3"/>
            <object_component_ref idref="oc-bc"/>
            <object_component_ref idref="oc-e8"/>
         </contents>
      </logical_group>
      <logical_group id="lg-18d" display="never" color="cyan">
         <name>.debug_abbrev</name>
         <load_address>0x0</load_address>
         <run_address>0x0</run_address>
         <size>0xad3</size>
         <contents>
            <object_component_ref idref="oc-124"/>
            <object_component_ref idref="oc-c9"/>
            <object_component_ref idref="oc-99"/>
            <object_component_ref idref="oc-4a"/>
            <object_component_ref idref="oc-ce"/>
            <object_component_ref idref="oc-8e"/>
            <object_component_ref idref="oc-d3"/>
            <object_component_ref idref="oc-92"/>
            <object_component_ref idref="oc-94"/>
            <object_component_ref idref="oc-95"/>
            <object_component_ref idref="oc-3f"/>
            <object_component_ref idref="oc-7f"/>
            <object_component_ref idref="oc-d1"/>
            <object_component_ref idref="oc-ca"/>
            <object_component_ref idref="oc-8b"/>
            <object_component_ref idref="oc-a8"/>
            <object_component_ref idref="oc-52"/>
            <object_component_ref idref="oc-55"/>
            <object_component_ref idref="oc-a5"/>
            <object_component_ref idref="oc-db"/>
            <object_component_ref idref="oc-42"/>
            <object_component_ref idref="oc-45"/>
            <object_component_ref idref="oc-d8"/>
            <object_component_ref idref="oc-9e"/>
            <object_component_ref idref="oc-7d"/>
            <object_component_ref idref="oc-c0"/>
            <object_component_ref idref="oc-a2"/>
            <object_component_ref idref="oc-154"/>
            <object_component_ref idref="oc-130"/>
            <object_component_ref idref="oc-158"/>
            <object_component_ref idref="oc-16c"/>
            <object_component_ref idref="oc-15d"/>
            <object_component_ref idref="oc-162"/>
            <object_component_ref idref="oc-e5"/>
            <object_component_ref idref="oc-126"/>
            <object_component_ref idref="oc-1a5"/>
         </contents>
      </logical_group>
      <logical_group id="lg-18f" display="never" color="cyan">
         <name>.debug_str</name>
         <load_address>0x0</load_address>
         <run_address>0x0</run_address>
         <size>0x13ac</size>
         <contents>
            <object_component_ref idref="oc-9b"/>
            <object_component_ref idref="oc-4c"/>
            <object_component_ref idref="oc-d0"/>
            <object_component_ref idref="oc-90"/>
            <object_component_ref idref="oc-57"/>
            <object_component_ref idref="oc-a7"/>
            <object_component_ref idref="oc-47"/>
            <object_component_ref idref="oc-da"/>
            <object_component_ref idref="oc-a0"/>
            <object_component_ref idref="oc-15a"/>
            <object_component_ref idref="oc-16e"/>
            <object_component_ref idref="oc-15f"/>
            <object_component_ref idref="oc-164"/>
         </contents>
      </logical_group>
      <logical_group id="lg-191" display="never" color="cyan">
         <name>.debug_aranges</name>
         <load_address>0x0</load_address>
         <run_address>0x0</run_address>
         <size>0x5b0</size>
         <contents>
            <object_component_ref idref="oc-82"/>
            <object_component_ref idref="oc-35"/>
            <object_component_ref idref="oc-3b"/>
            <object_component_ref idref="oc-29"/>
            <object_component_ref idref="oc-2f"/>
            <object_component_ref idref="oc-1d"/>
            <object_component_ref idref="oc-19"/>
            <object_component_ref idref="oc-6d"/>
            <object_component_ref idref="oc-4f"/>
            <object_component_ref idref="oc-f4"/>
            <object_component_ref idref="oc-b9"/>
            <object_component_ref idref="oc-ea"/>
         </contents>
      </logical_group>
      <logical_group id="lg-193" display="never" color="cyan">
         <name>.debug_pubnames</name>
         <load_address>0x0</load_address>
         <run_address>0x0</run_address>
         <size>0xd01</size>
         <contents>
            <object_component_ref idref="oc-83"/>
            <object_component_ref idref="oc-36"/>
            <object_component_ref idref="oc-3c"/>
            <object_component_ref idref="oc-14"/>
            <object_component_ref idref="oc-2a"/>
            <object_component_ref idref="oc-88"/>
            <object_component_ref idref="oc-30"/>
            <object_component_ref idref="oc-1e"/>
            <object_component_ref idref="oc-1a"/>
            <object_component_ref idref="oc-26"/>
            <object_component_ref idref="oc-6e"/>
            <object_component_ref idref="oc-50"/>
            <object_component_ref idref="oc-f6"/>
            <object_component_ref idref="oc-ba"/>
            <object_component_ref idref="oc-eb"/>
         </contents>
      </logical_group>
      <logical_group id="lg-195" display="never" color="cyan">
         <name>.debug_pubtypes</name>
         <load_address>0x0</load_address>
         <run_address>0x0</run_address>
         <size>0x940</size>
         <contents>
            <object_component_ref idref="oc-98"/>
            <object_component_ref idref="oc-49"/>
            <object_component_ref idref="oc-cd"/>
            <object_component_ref idref="oc-8d"/>
            <object_component_ref idref="oc-54"/>
            <object_component_ref idref="oc-a4"/>
            <object_component_ref idref="oc-44"/>
            <object_component_ref idref="oc-d7"/>
            <object_component_ref idref="oc-9d"/>
            <object_component_ref idref="oc-157"/>
            <object_component_ref idref="oc-16b"/>
            <object_component_ref idref="oc-15c"/>
            <object_component_ref idref="oc-161"/>
         </contents>
      </logical_group>
      <logical_group id="lg-1a2" display="no" color="cyan">
         <name>Veneer$$CMSE</name>
         <run_address>0x0</run_address>
         <size>0x0</size>
         <contents>
         </contents>
      </logical_group>
      <load_segment id="lg-1a8" display="no" color="cyan">
         <name>SEGMENT_0</name>
         <load_address>0x0</load_address>
         <run_address>0x0</run_address>
         <size>0xa28</size>
         <flags>0x5</flags>
         <contents>
            <logical_group_ref idref="lg-3"/>
            <logical_group_ref idref="lg-4"/>
            <logical_group_ref idref="lg-5"/>
            <logical_group_ref idref="lg-6"/>
         </contents>
      </load_segment>
      <load_segment id="lg-1a9" display="no" color="cyan">
         <name>SEGMENT_1</name>
         <run_address>0x20000000</run_address>
         <size>0x206</size>
         <flags>0x6</flags>
         <contents>
            <logical_group_ref idref="lg-d"/>
            <logical_group_ref idref="lg-a"/>
         </contents>
      </load_segment>
   </logical_group_list>
   <placement_map>
      <memory_area display="yes" color="green">
         <name>FLASH</name>
         <page_id>0x0</page_id>
         <origin>0x0</origin>
         <length>0x40000</length>
         <used_space>0xa24</used_space>
         <unused_space>0x3f5dc</unused_space>
         <attributes>RX</attributes>
         <usage_details>
            <allocated_space>
               <start_address>0x0</start_address>
               <size>0x26c</size>
               <logical_group_ref idref="lg-3"/>
            </allocated_space>
            <allocated_space>
               <start_address>0x26c</start_address>
               <size>0x792</size>
               <logical_group_ref idref="lg-4"/>
            </allocated_space>
            <allocated_space>
               <start_address>0x9fe</start_address>
               <size>0xe</size>
               <logical_group_ref idref="lg-5"/>
            </allocated_space>
            <available_space>
               <start_address>0xa0c</start_address>
               <size>0x4</size>
            </available_space>
            <allocated_space>
               <start_address>0xa10</start_address>
               <size>0x18</size>
               <logical_group_ref idref="lg-6"/>
            </allocated_space>
            <available_space>
               <start_address>0xa28</start_address>
               <size>0x3f5d8</size>
            </available_space>
         </usage_details>
      </memory_area>
      <memory_area display="yes" color="green">
         <name>SRAM</name>
         <page_id>0x0</page_id>
         <origin>0x20000000</origin>
         <length>0x8000</length>
         <used_space>0x206</used_space>
         <unused_space>0x7dfa</unused_space>
         <attributes>RWX</attributes>
         <usage_details>
            <allocated_space>
               <start_address>0x20000000</start_address>
               <size>0x0</size>
               <logical_group_ref idref="lg-178"/>
            </allocated_space>
            <allocated_space>
               <start_address>0x20000000</start_address>
               <size>0x200</size>
               <logical_group_ref idref="lg-d"/>
            </allocated_space>
            <allocated_space>
               <start_address>0x20000200</start_address>
               <size>0x6</size>
               <logical_group_ref idref="lg-a"/>
            </allocated_space>
            <available_space>
               <start_address>0x20000206</start_address>
               <size>0x7dfa</size>
            </available_space>
         </usage_details>
      </memory_area>
   </placement_map>
   <cptbl_list>
      <cptbl>
         <name>__TI_cinit_table</name>
         <cprec>
            <name>.data</name>
            <load_address>0xa18</load_address>
            <load_size>0x7</load_size>
            <run_address>0x20000200</run_address>
            <run_size>0x6</run_size>
            <compression>lzss</compression>
         </cprec>
      </cptbl>
   </cptbl_list>
   <handler_table>
      <handler_table_name>__TI_handler_table</handler_table_name>
      <handler>
         <index>0x0</index>
         <name>__TI_decompress_lzss</name>
      </handler>
      <handler>
         <index>0x1</index>
         <name>__TI_decompress_none</name>
      </handler>
   </handler_table>
   <symbol_table>
      <symbol id="sm-1">
         <name>__STACK_TOP</name>
         <value>0x20000200</value>
      </symbol>
      <symbol id="sm-2">
         <name>__start___llvm_prf_cnts</name>
         <value>0x20000000</value>
      </symbol>
      <symbol id="sm-3">
         <name>__stop___llvm_prf_cnts</name>
         <value>0x20000000</value>
      </symbol>
      <symbol id="sm-4">
         <name>__TI_CINIT_Base</name>
         <value>0xa20</value>
      </symbol>
      <symbol id="sm-5">
         <name>__TI_CINIT_Limit</name>
         <value>0xa28</value>
      </symbol>
      <symbol id="sm-6">
         <name>__TI_Handler_Table_Base</name>
         <value>0xa10</value>
      </symbol>
      <symbol id="sm-7">
         <name>__TI_Handler_Table_Limit</name>
         <value>0xa18</value>
      </symbol>
      <symbol id="sm-8">
         <name>binit</name>
         <value>0xffffffff</value>
      </symbol>
      <symbol id="sm-9">
         <name>__binit__</name>
         <value>0xffffffff</value>
      </symbol>
      <symbol id="sm-a">
         <name>__STACK_SIZE</name>
         <value>0x200</value>
      </symbol>
      <symbol id="sm-b">
         <name>__STACK_END</name>
         <value>0x20000200</value>
      </symbol>
      <symbol id="sm-c">
         <name>__c_args__</name>
         <value>0xffffffff</value>
      </symbol>
      <symbol id="sm-d">
         <name>__TI_pprof_out_hndl</name>
         <value>0xffffffff</value>
      </symbol>
      <symbol id="sm-e">
         <name>__TI_prof_data_start</name>
         <value>0xffffffff</value>
      </symbol>
      <symbol id="sm-f">
         <name>__TI_prof_data_size</name>
         <value>0xffffffff</value>
      </symbol>
      <symbol id="sm-4c">
         <name>PLL_Init</name>
         <value>0x881</value>
         <object_component_ref idref="oc-80"/>
      </symbol>
      <symbol id="sm-66">
         <name>Timer0A_Init</name>
         <value>0x509</value>
         <object_component_ref idref="oc-33"/>
      </symbol>
      <symbol id="sm-67">
         <name>Timer0A_Handler</name>
         <value>0x56f</value>
         <object_component_ref idref="oc-33"/>
      </symbol>
      <symbol id="sm-7f">
         <name>Timer1A_Handler</name>
         <value>0x7a3</value>
         <object_component_ref idref="oc-39"/>
      </symbol>
      <symbol id="sm-80">
         <name>Timer1A_Init</name>
         <value>0x73d</value>
         <object_component_ref idref="oc-39"/>
      </symbol>
      <symbol id="sm-18d">
         <name>Hibernate_Handler</name>
         <value>0x693</value>
         <object_component_ref idref="oc-27"/>
      </symbol>
      <symbol id="sm-18e">
         <name>UART1_Handler</name>
         <value>0x649</value>
         <object_component_ref idref="oc-27"/>
      </symbol>
      <symbol id="sm-18f">
         <name>FPU_Handler</name>
         <value>0x6e1</value>
         <object_component_ref idref="oc-27"/>
      </symbol>
      <symbol id="sm-190">
         <name>PendSV_Handler</name>
         <value>0x639</value>
         <object_component_ref idref="oc-27"/>
      </symbol>
      <symbol id="sm-191">
         <name>GPIOPortP4_Handler</name>
         <value>0x6fb</value>
         <object_component_ref idref="oc-27"/>
      </symbol>
      <symbol id="sm-192">
         <name>FlashCtl_Handler</name>
         <value>0x677</value>
         <object_component_ref idref="oc-27"/>
      </symbol>
      <symbol id="sm-193">
         <name>Timer2A_Handler</name>
         <value>0x66b</value>
         <object_component_ref idref="oc-27"/>
      </symbol>
      <symbol id="sm-194">
         <name>Timer4A_Handler</name>
         <value>0x6c1</value>
         <object_component_ref idref="oc-27"/>
      </symbol>
      <symbol id="sm-195">
         <name>SysTick_Handler</name>
         <value>0x63b</value>
         <object_component_ref idref="oc-27"/>
      </symbol>
      <symbol id="sm-196">
         <name>SVC_Handler</name>
         <value>0x635</value>
         <object_component_ref idref="oc-27"/>
      </symbol>
      <symbol id="sm-197">
         <name>I2C0_Handler</name>
         <value>0x64d</value>
         <object_component_ref idref="oc-27"/>
      </symbol>
      <symbol id="sm-198">
         <name>I2S0_Handler</name>
         <value>0x6a5</value>
         <object_component_ref idref="oc-27"/>
      </symbol>
      <symbol id="sm-199">
         <name>SSI2_Handler</name>
         <value>0x6af</value>
         <object_component_ref idref="oc-27"/>
      </symbol>
      <symbol id="sm-19a">
         <name>GPIOPortJ_Handler</name>
         <value>0x6a9</value>
         <object_component_ref idref="oc-27"/>
      </symbol>
      <symbol id="sm-19b">
         <name>GPIOPortE_Handler</name>
         <value>0x645</value>
         <object_component_ref idref="oc-27"/>
      </symbol>
      <symbol id="sm-19c">
         <name>GPIOPortQ3_Handler</name>
         <value>0x709</value>
         <object_component_ref idref="oc-27"/>
      </symbol>
      <symbol id="sm-19d">
         <name>ADC0Seq0_Handler</name>
         <value>0x659</value>
         <object_component_ref idref="oc-27"/>
      </symbol>
      <symbol id="sm-19e">
         <name>uDMA_Error</name>
         <value>0x69b</value>
         <object_component_ref idref="oc-27"/>
      </symbol>
      <symbol id="sm-19f">
         <name>UART3_Handler</name>
         <value>0x6b3</value>
         <object_component_ref idref="oc-27"/>
      </symbol>
      <symbol id="sm-1a0">
         <name>CAN0_Handler</name>
         <value>0x68b</value>
         <object_component_ref idref="oc-27"/>
      </symbol>
      <symbol id="sm-1a1">
         <name>GPIOPortP6_Handler</name>
         <value>0x6ff</value>
         <object_component_ref idref="oc-27"/>
      </symbol>
      <symbol id="sm-1a2">
         <name>Quadrature1_Handler</name>
         <value>0x689</value>
         <object_component_ref idref="oc-27"/>
      </symbol>
      <symbol id="sm-1a3">
         <name>PWM0Fault_Handler</name>
         <value>0x64f</value>
         <object_component_ref idref="oc-27"/>
      </symbol>
      <symbol id="sm-1a4">
         <name>ExtBus_Handler</name>
         <value>0x6a7</value>
         <object_component_ref idref="oc-27"/>
      </symbol>
      <symbol id="sm-1a5">
         <name>GPIOPortP1_Handler</name>
         <value>0x6f5</value>
         <object_component_ref idref="oc-27"/>
      </symbol>
      <symbol id="sm-1a6">
         <name>PWM0Generator3_Handler</name>
         <value>0x697</value>
         <object_component_ref idref="oc-27"/>
      </symbol>
      <symbol id="sm-1a7">
         <name>I2C2_Handler</name>
         <value>0x6bd</value>
         <object_component_ref idref="oc-27"/>
      </symbol>
      <symbol id="sm-1a8">
         <name>Timer3A_Handler</name>
         <value>0x683</value>
         <object_component_ref idref="oc-27"/>
      </symbol>
      <symbol id="sm-1a9">
         <name>Timer5A_Handler</name>
         <value>0x6c5</value>
         <object_component_ref idref="oc-27"/>
      </symbol>
      <symbol id="sm-1aa">
         <name>GPIOPortL_Handler</name>
         <value>0x6ad</value>
         <object_component_ref idref="oc-27"/>
      </symbol>
      <symbol id="sm-1ab">
         <name>WDT_Handler</name>
         <value>0x661</value>
         <object_component_ref idref="oc-27"/>
      </symbol>
      <symbol id="sm-1ac">
         <name>WideTimer3A_Handler</name>
         <value>0x6d5</value>
         <object_component_ref idref="oc-27"/>
      </symbol>
      <symbol id="sm-1ad">
         <name>WideTimer1A_Handler</name>
         <value>0x6cd</value>
         <object_component_ref idref="oc-27"/>
      </symbol>
      <symbol id="sm-1ae">
         <name>WideTimer5A_Handler</name>
         <value>0x6dd</value>
         <object_component_ref idref="oc-27"/>
      </symbol>
      <symbol id="sm-1af">
         <name>GPIOPortG_Handler</name>
         <value>0x67b</value>
         <object_component_ref idref="oc-27"/>
      </symbol>
      <symbol id="sm-1b0">
         <name>GPIOPortQ5_Handler</name>
         <value>0x70d</value>
         <object_component_ref idref="oc-27"/>
      </symbol>
      <symbol id="sm-1b1">
         <name>UART5_Handler</name>
         <value>0x6b7</value>
         <object_component_ref idref="oc-27"/>
      </symbol>
      <symbol id="sm-1b2">
         <name>CAN2_Handler</name>
         <value>0x68f</value>
         <object_component_ref idref="oc-27"/>
      </symbol>
      <symbol id="sm-1b3">
         <name>StartCritical</name>
         <value>0x729</value>
         <object_component_ref idref="oc-27"/>
      </symbol>
      <symbol id="sm-1b4">
         <name>GPIOPortP3_Handler</name>
         <value>0x6f9</value>
         <object_component_ref idref="oc-27"/>
      </symbol>
      <symbol id="sm-1b5">
         <name>GPIOPortP_Handler</name>
         <value>0x6f3</value>
         <object_component_ref idref="oc-27"/>
      </symbol>
      <symbol id="sm-1b6">
         <name>Comp1_Handler</name>
         <value>0x671</value>
         <object_component_ref idref="oc-27"/>
      </symbol>
      <symbol id="sm-1b7">
         <name>Timer0B_Handler</name>
         <value>0x665</value>
         <object_component_ref idref="oc-27"/>
      </symbol>
      <symbol id="sm-1b8">
         <name>Timer2B_Handler</name>
         <value>0x66d</value>
         <object_component_ref idref="oc-27"/>
      </symbol>
      <symbol id="sm-1b9">
         <name>Timer4B_Handler</name>
         <value>0x6c3</value>
         <object_component_ref idref="oc-27"/>
      </symbol>
      <symbol id="sm-1ba">
         <name>PWM0Generator1_Handler</name>
         <value>0x653</value>
         <object_component_ref idref="oc-27"/>
      </symbol>
      <symbol id="sm-1bb">
         <name>ResetISR</name>
         <value>0x629</value>
         <object_component_ref idref="oc-27"/>
      </symbol>
      <symbol id="sm-1bc">
         <name>PECI0_Handler</name>
         <value>0x6e3</value>
         <object_component_ref idref="oc-27"/>
      </symbol>
      <symbol id="sm-1bd">
         <name>LPC0_Handler</name>
         <value>0x6e5</value>
         <object_component_ref idref="oc-27"/>
      </symbol>
      <symbol id="sm-1be">
         <name>PWM1Generator2_Handler</name>
         <value>0x71b</value>
         <object_component_ref idref="oc-27"/>
      </symbol>
      <symbol id="sm-1bf">
         <name>I2C5_Handler</name>
         <value>0x6e9</value>
         <object_component_ref idref="oc-27"/>
      </symbol>
      <symbol id="sm-1c0">
         <name>GPIOPortN_Handler</name>
         <value>0x6ed</value>
         <object_component_ref idref="oc-27"/>
      </symbol>
      <symbol id="sm-1c1">
         <name>ADC1Seq2_Handler</name>
         <value>0x6a1</value>
         <object_component_ref idref="oc-27"/>
      </symbol>
      <symbol id="sm-1c2">
         <name>GPIOPortQ7_Handler</name>
         <value>0x711</value>
         <object_component_ref idref="oc-27"/>
      </symbol>
      <symbol id="sm-1c3">
         <name>UART7_Handler</name>
         <value>0x6bb</value>
         <object_component_ref idref="oc-27"/>
      </symbol>
      <symbol id="sm-1c4">
         <name>ADC0Seq3_Handler</name>
         <value>0x65f</value>
         <object_component_ref idref="oc-27"/>
      </symbol>
      <symbol id="sm-1c5">
         <name>WideTimer2A_Handler</name>
         <value>0x6d1</value>
         <object_component_ref idref="oc-27"/>
      </symbol>
      <symbol id="sm-1c6">
         <name>WideTimer0A_Handler</name>
         <value>0x6c9</value>
         <object_component_ref idref="oc-27"/>
      </symbol>
      <symbol id="sm-1c7">
         <name>WideTimer4A_Handler</name>
         <value>0x6d9</value>
         <object_component_ref idref="oc-27"/>
      </symbol>
      <symbol id="sm-1c8">
         <name>GPIOPortP5_Handler</name>
         <value>0x6fd</value>
         <object_component_ref idref="oc-27"/>
      </symbol>
      <symbol id="sm-1c9">
         <name>GPIOPortR_Handler</name>
         <value>0x713</value>
         <object_component_ref idref="oc-27"/>
      </symbol>
      <symbol id="sm-1ca">
         <name>USB0_Handler</name>
         <value>0x695</value>
         <object_component_ref idref="oc-27"/>
      </symbol>
      <symbol id="sm-1cb">
         <name>PWM1Generator0_Handler</name>
         <value>0x717</value>
         <object_component_ref idref="oc-27"/>
      </symbol>
      <symbol id="sm-1cc">
         <name>EndCritical</name>
         <value>0x731</value>
         <object_component_ref idref="oc-27"/>
      </symbol>
      <symbol id="sm-1cd">
         <name>SSI1_Handler</name>
         <value>0x681</value>
         <object_component_ref idref="oc-27"/>
      </symbol>
      <symbol id="sm-1ce">
         <name>Timer1B_Handler</name>
         <value>0x669</value>
         <object_component_ref idref="oc-27"/>
      </symbol>
      <symbol id="sm-1cf">
         <name>Timer3B_Handler</name>
         <value>0x685</value>
         <object_component_ref idref="oc-27"/>
      </symbol>
      <symbol id="sm-1d0">
         <name>Timer5B_Handler</name>
         <value>0x6c7</value>
         <object_component_ref idref="oc-27"/>
      </symbol>
      <symbol id="sm-1d1">
         <name>ADC1Seq0_Handler</name>
         <value>0x69d</value>
         <object_component_ref idref="oc-27"/>
      </symbol>
      <symbol id="sm-1d2">
         <name>GPIOPortK_Handler</name>
         <value>0x6ab</value>
         <object_component_ref idref="oc-27"/>
      </symbol>
      <symbol id="sm-1d3">
         <name>WideTimer3B_Handler</name>
         <value>0x6d7</value>
         <object_component_ref idref="oc-27"/>
      </symbol>
      <symbol id="sm-1d4">
         <name>WideTimer1B_Handler</name>
         <value>0x6cf</value>
         <object_component_ref idref="oc-27"/>
      </symbol>
      <symbol id="sm-1d5">
         <name>WideTimer5B_Handler</name>
         <value>0x6df</value>
         <object_component_ref idref="oc-27"/>
      </symbol>
      <symbol id="sm-1d6">
         <name>SysCtl_Handler</name>
         <value>0x675</value>
         <object_component_ref idref="oc-27"/>
      </symbol>
      <symbol id="sm-1d7">
         <name>GPIOPortB_Handler</name>
         <value>0x63f</value>
         <object_component_ref idref="oc-27"/>
      </symbol>
      <symbol id="sm-1d8">
         <name>uDMA_Handler</name>
         <value>0x699</value>
         <object_component_ref idref="oc-27"/>
      </symbol>
      <symbol id="sm-1d9">
         <name>ADC0Seq1_Handler</name>
         <value>0x65b</value>
         <object_component_ref idref="oc-27"/>
      </symbol>
      <symbol id="sm-1da">
         <name>UART0_Handler</name>
         <value>0x647</value>
         <object_component_ref idref="oc-27"/>
      </symbol>
      <symbol id="sm-1db">
         <name>GPIOPortP7_Handler</name>
         <value>0x701</value>
         <object_component_ref idref="oc-27"/>
      </symbol>
      <symbol id="sm-1dc">
         <name>PWM1Fault_Handler</name>
         <value>0x71f</value>
         <object_component_ref idref="oc-27"/>
      </symbol>
      <symbol id="sm-1dd">
         <name>I2C1_Handler</name>
         <value>0x687</value>
         <object_component_ref idref="oc-27"/>
      </symbol>
      <symbol id="sm-1de">
         <name>SSI3_Handler</name>
         <value>0x6b1</value>
         <object_component_ref idref="oc-27"/>
      </symbol>
      <symbol id="sm-1df">
         <name>GPIOPortM_Handler</name>
         <value>0x6eb</value>
         <object_component_ref idref="oc-27"/>
      </symbol>
      <symbol id="sm-1e0">
         <name>g_pfnVectors</name>
         <value>0x0</value>
         <object_component_ref idref="oc-12"/>
      </symbol>
      <symbol id="sm-1e1">
         <name>GPIOPortD_Handler</name>
         <value>0x643</value>
         <object_component_ref idref="oc-27"/>
      </symbol>
      <symbol id="sm-1e2">
         <name>GPIOPortQ2_Handler</name>
         <value>0x707</value>
         <object_component_ref idref="oc-27"/>
      </symbol>
      <symbol id="sm-1e3">
         <name>UART2_Handler</name>
         <value>0x67f</value>
         <object_component_ref idref="oc-27"/>
      </symbol>
      <symbol id="sm-1e4">
         <name>CAN1_Handler</name>
         <value>0x68d</value>
         <object_component_ref idref="oc-27"/>
      </symbol>
      <symbol id="sm-1e5">
         <name>Quadrature0_Handler</name>
         <value>0x657</value>
         <object_component_ref idref="oc-27"/>
      </symbol>
      <symbol id="sm-1e6">
         <name>WideTimer2B_Handler</name>
         <value>0x6d3</value>
         <object_component_ref idref="oc-27"/>
      </symbol>
      <symbol id="sm-1e7">
         <name>WideTimer0B_Handler</name>
         <value>0x6cb</value>
         <object_component_ref idref="oc-27"/>
      </symbol>
      <symbol id="sm-1e8">
         <name>WideTimer4B_Handler</name>
         <value>0x6db</value>
         <object_component_ref idref="oc-27"/>
      </symbol>
      <symbol id="sm-1e9">
         <name>GPIOPortQ_Handler</name>
         <value>0x703</value>
         <object_component_ref idref="oc-27"/>
      </symbol>
      <symbol id="sm-1ea">
         <name>DisableInterrupts</name>
         <value>0x721</value>
         <object_component_ref idref="oc-27"/>
      </symbol>
      <symbol id="sm-1eb">
         <name>Comp0_Handler</name>
         <value>0x66f</value>
         <object_component_ref idref="oc-27"/>
      </symbol>
      <symbol id="sm-1ec">
         <name>PWM0Generator2_Handler</name>
         <value>0x655</value>
         <object_component_ref idref="oc-27"/>
      </symbol>
      <symbol id="sm-1ed">
         <name>I2C3_Handler</name>
         <value>0x6bf</value>
         <object_component_ref idref="oc-27"/>
      </symbol>
      <symbol id="sm-1ee">
         <name>Ethernet_Handler</name>
         <value>0x691</value>
         <object_component_ref idref="oc-27"/>
      </symbol>
      <symbol id="sm-1ef">
         <name>PWM1Generator3_Handler</name>
         <value>0x71d</value>
         <object_component_ref idref="oc-27"/>
      </symbol>
      <symbol id="sm-1f0">
         <name>I2C4_Handler</name>
         <value>0x6e7</value>
         <object_component_ref idref="oc-27"/>
      </symbol>
      <symbol id="sm-1f1">
         <name>Fan0_Handler</name>
         <value>0x6f1</value>
         <object_component_ref idref="oc-27"/>
      </symbol>
      <symbol id="sm-1f2">
         <name>WaitForInterrupt</name>
         <value>0x737</value>
         <object_component_ref idref="oc-27"/>
      </symbol>
      <symbol id="sm-1f3">
         <name>ADC1Seq3_Handler</name>
         <value>0x6a3</value>
         <object_component_ref idref="oc-27"/>
      </symbol>
      <symbol id="sm-1f4">
         <name>GPIOPortF_Handler</name>
         <value>0x679</value>
         <object_component_ref idref="oc-27"/>
      </symbol>
      <symbol id="sm-1f5">
         <name>GPIOPortQ4_Handler</name>
         <value>0x70b</value>
         <object_component_ref idref="oc-27"/>
      </symbol>
      <symbol id="sm-1f6">
         <name>EnableInterrupts</name>
         <value>0x725</value>
         <object_component_ref idref="oc-27"/>
      </symbol>
      <symbol id="sm-1f7">
         <name>UART4_Handler</name>
         <value>0x6b5</value>
         <object_component_ref idref="oc-27"/>
      </symbol>
      <symbol id="sm-1f8">
         <name>Quadrature2_Handler</name>
         <value>0x6ef</value>
         <object_component_ref idref="oc-27"/>
      </symbol>
      <symbol id="sm-1f9">
         <name>GPIOPortP2_Handler</name>
         <value>0x6f7</value>
         <object_component_ref idref="oc-27"/>
      </symbol>
      <symbol id="sm-1fa">
         <name>GPIOPortS_Handler</name>
         <value>0x715</value>
         <object_component_ref idref="oc-27"/>
      </symbol>
      <symbol id="sm-1fb">
         <name>Comp2_Handler</name>
         <value>0x673</value>
         <object_component_ref idref="oc-27"/>
      </symbol>
      <symbol id="sm-1fc">
         <name>DebugMon_Handler</name>
         <value>0x637</value>
         <object_component_ref idref="oc-27"/>
      </symbol>
      <symbol id="sm-1fd">
         <name>PWM0Generator0_Handler</name>
         <value>0x651</value>
         <object_component_ref idref="oc-27"/>
      </symbol>
      <symbol id="sm-1fe">
         <name>PWM1Generator1_Handler</name>
         <value>0x719</value>
         <object_component_ref idref="oc-27"/>
      </symbol>
      <symbol id="sm-1ff">
         <name>SSI0_Handler</name>
         <value>0x64b</value>
         <object_component_ref idref="oc-27"/>
      </symbol>
      <symbol id="sm-200">
         <name>ADC1Seq1_Handler</name>
         <value>0x69f</value>
         <object_component_ref idref="oc-27"/>
      </symbol>
      <symbol id="sm-201">
         <name>GPIOPortH_Handler</name>
         <value>0x67d</value>
         <object_component_ref idref="oc-27"/>
      </symbol>
      <symbol id="sm-202">
         <name>GPIOPortQ6_Handler</name>
         <value>0x70f</value>
         <object_component_ref idref="oc-27"/>
      </symbol>
      <symbol id="sm-203">
         <name>GPIOPortC_Handler</name>
         <value>0x641</value>
         <object_component_ref idref="oc-27"/>
      </symbol>
      <symbol id="sm-204">
         <name>GPIOPortQ1_Handler</name>
         <value>0x705</value>
         <object_component_ref idref="oc-27"/>
      </symbol>
      <symbol id="sm-205">
         <name>UART6_Handler</name>
         <value>0x6b9</value>
         <object_component_ref idref="oc-27"/>
      </symbol>
      <symbol id="sm-206">
         <name>ADC0Seq2_Handler</name>
         <value>0x65d</value>
         <object_component_ref idref="oc-27"/>
      </symbol>
      <symbol id="sm-255">
         <name>stopwatchRunning</name>
         <value>0x20000205</value>
         <object_component_ref idref="oc-86"/>
      </symbol>
      <symbol id="sm-256">
         <name>sevenseg_init</name>
         <value>0x359</value>
         <object_component_ref idref="oc-2d"/>
      </symbol>
      <symbol id="sm-257">
         <name>currentDigit</name>
         <value>0x20000204</value>
         <object_component_ref idref="oc-86"/>
      </symbol>
      <symbol id="sm-258">
         <name>main</name>
         <value>0x26d</value>
         <object_component_ref idref="oc-2d"/>
      </symbol>
      <symbol id="sm-259">
         <name>displayDigit</name>
         <value>0x439</value>
         <object_component_ref idref="oc-2d"/>
      </symbol>
      <symbol id="sm-25a">
         <name>GPIOPortA_Handler</name>
         <value>0x30b</value>
         <object_component_ref idref="oc-2d"/>
      </symbol>
      <symbol id="sm-25b">
         <name>SSI2_write</name>
         <value>0x401</value>
         <object_component_ref idref="oc-2d"/>
      </symbol>
      <symbol id="sm-25c">
         <name>Displayed_Number</name>
         <value>0x20000200</value>
         <object_component_ref idref="oc-86"/>
      </symbol>
      <symbol id="sm-25d">
         <name>Buttons_Init</name>
         <value>0x291</value>
         <object_component_ref idref="oc-2d"/>
      </symbol>
      <symbol id="sm-25e">
         <name>CS_init</name>
         <value>0x3cf</value>
         <object_component_ref idref="oc-2d"/>
      </symbol>
      <symbol id="sm-276">
         <name>__TI_decompress_none</name>
         <value>0x9e9</value>
         <object_component_ref idref="oc-1b"/>
      </symbol>
      <symbol id="sm-299">
         <name>__TI_decompress_lzss</name>
         <value>0x909</value>
         <object_component_ref idref="oc-15"/>
      </symbol>
      <symbol id="sm-2ac">
         <name>__stack</name>
         <value>0x20000000</value>
         <object_component_ref idref="oc-24"/>
      </symbol>
      <symbol id="sm-2ad">
         <name>_c_int00_noargs</name>
         <value>0x9b5</value>
         <object_component_ref idref="oc-6b"/>
      </symbol>
      <symbol id="sm-2c8">
         <name>memcpy</name>
         <value>0x7e5</value>
         <object_component_ref idref="oc-4d"/>
      </symbol>
      <symbol id="sm-2c9">
         <name>__aeabi_memcpy</name>
         <value>0x7e5</value>
         <object_component_ref idref="oc-4d"/>
      </symbol>
      <symbol id="sm-2ca">
         <name>__aeabi_memcpy8</name>
         <value>0x7e5</value>
         <object_component_ref idref="oc-4d"/>
      </symbol>
      <symbol id="sm-2cb">
         <name>__aeabi_memcpy4</name>
         <value>0x7e5</value>
         <object_component_ref idref="oc-4d"/>
      </symbol>
      <symbol id="sm-2f4">
         <name>__TI_auto_init_nobinit_nopinit</name>
         <value>0x971</value>
         <object_component_ref idref="oc-f2"/>
      </symbol>
      <symbol id="sm-2fe">
         <name>_system_pre_init</name>
         <value>0x9f7</value>
         <object_component_ref idref="oc-b7"/>
      </symbol>
      <symbol id="sm-30a">
         <name>C$$EXIT</name>
         <value>0x9fb</value>
         <object_component_ref idref="oc-e6"/>
      </symbol>
      <symbol id="sm-30b">
         <name>abort</name>
         <value>0x9fb</value>
         <object_component_ref idref="oc-e6"/>
      </symbol>
      <symbol id="sm-30e">
         <name>__TI_static_base__</name>
         <value>0x0</value>
      </symbol>
      <symbol id="sm-311">
         <name>__mpu_init</name>
         <value>0x0</value>
      </symbol>
      <symbol id="sm-312">
         <name>_system_post_cinit</name>
         <value>0x0</value>
      </symbol>
   </symbol_table>
   <title>Link successful</title>
</link_info>
